../Core/DBC/autonomous_t26.c:36:23:pack_left_shift_u8	16	static
../Core/DBC/autonomous_t26.c:44:23:pack_left_shift_u16	16	static
../Core/DBC/autonomous_t26.c:52:23:pack_left_shift_u32	16	static
../Core/DBC/autonomous_t26.c:60:23:pack_right_shift_u8	16	static
../Core/DBC/autonomous_t26.c:68:23:pack_right_shift_u16	16	static
../Core/DBC/autonomous_t26.c:76:23:pack_right_shift_u32	16	static
../Core/DBC/autonomous_t26.c:84:23:unpack_left_shift_u8	16	static
../Core/DBC/autonomous_t26.c:92:24:unpack_left_shift_u16	16	static
../Core/DBC/autonomous_t26.c:100:24:unpack_left_shift_u32	16	static
../Core/DBC/autonomous_t26.c:108:23:unpack_right_shift_u8	16	static
../Core/DBC/autonomous_t26.c:116:24:unpack_right_shift_u16	16	static
../Core/DBC/autonomous_t26.c:124:24:unpack_right_shift_u32	16	static
../Core/DBC/autonomous_t26.c:132:5:autonomous_t26_acu_pack	24	static
../Core/DBC/autonomous_t26.c:156:5:autonomous_t26_acu_unpack	24	static
../Core/DBC/autonomous_t26.c:178:5:autonomous_t26_acu_init	16	static
../Core/DBC/autonomous_t26.c:187:9:autonomous_t26_acu_assi_state_encode	16	static
../Core/DBC/autonomous_t26.c:192:8:autonomous_t26_acu_assi_state_decode	16	static
../Core/DBC/autonomous_t26.c:197:6:autonomous_t26_acu_assi_state_is_in_range	16	static
../Core/DBC/autonomous_t26.c:202:6:autonomous_t26_acu_assi_state_is_in_phys_range	16	static
../Core/DBC/autonomous_t26.c:209:9:autonomous_t26_acu_acu_state_encode	16	static
../Core/DBC/autonomous_t26.c:214:8:autonomous_t26_acu_acu_state_decode	16	static
../Core/DBC/autonomous_t26.c:219:6:autonomous_t26_acu_acu_state_is_in_range	16	static
../Core/DBC/autonomous_t26.c:224:6:autonomous_t26_acu_acu_state_is_in_phys_range	16	static
../Core/DBC/autonomous_t26.c:231:9:autonomous_t26_acu_acu_cpu_temp_encode	16	static
../Core/DBC/autonomous_t26.c:236:8:autonomous_t26_acu_acu_cpu_temp_decode	16	static
../Core/DBC/autonomous_t26.c:241:6:autonomous_t26_acu_acu_cpu_temp_is_in_range	16	static
../Core/DBC/autonomous_t26.c:248:6:autonomous_t26_acu_acu_cpu_temp_is_in_phys_range	16	static
../Core/DBC/autonomous_t26.c:253:9:autonomous_t26_acu_mission_select_encode	16	static
../Core/DBC/autonomous_t26.c:258:8:autonomous_t26_acu_mission_select_decode	16	static
../Core/DBC/autonomous_t26.c:263:6:autonomous_t26_acu_mission_select_is_in_range	16	static
../Core/DBC/autonomous_t26.c:268:6:autonomous_t26_acu_mission_select_is_in_phys_range	16	static
../Core/DBC/autonomous_t26.c:275:9:autonomous_t26_acu_as_state_encode	16	static
../Core/DBC/autonomous_t26.c:280:8:autonomous_t26_acu_as_state_decode	16	static
../Core/DBC/autonomous_t26.c:285:6:autonomous_t26_acu_as_state_is_in_range	16	static
../Core/DBC/autonomous_t26.c:290:6:autonomous_t26_acu_as_state_is_in_phys_range	16	static
../Core/DBC/autonomous_t26.c:297:9:autonomous_t26_acu_emergency_encode	16	static
../Core/DBC/autonomous_t26.c:302:8:autonomous_t26_acu_emergency_decode	16	static
../Core/DBC/autonomous_t26.c:307:6:autonomous_t26_acu_emergency_is_in_range	16	static
../Core/DBC/autonomous_t26.c:312:6:autonomous_t26_acu_emergency_is_in_phys_range	16	static
../Core/DBC/autonomous_t26.c:317:9:autonomous_t26_acu_asms_encode	16	static
../Core/DBC/autonomous_t26.c:322:8:autonomous_t26_acu_asms_decode	16	static
../Core/DBC/autonomous_t26.c:327:6:autonomous_t26_acu_asms_is_in_range	16	static
../Core/DBC/autonomous_t26.c:332:6:autonomous_t26_acu_asms_is_in_phys_range	16	static
../Core/DBC/autonomous_t26.c:337:9:autonomous_t26_acu_ign_encode	16	static
../Core/DBC/autonomous_t26.c:342:8:autonomous_t26_acu_ign_decode	16	static
../Core/DBC/autonomous_t26.c:347:6:autonomous_t26_acu_ign_is_in_range	16	static
../Core/DBC/autonomous_t26.c:352:6:autonomous_t26_acu_ign_is_in_phys_range	16	static
../Core/DBC/autonomous_t26.c:357:9:autonomous_t26_acu_emergency_cause_encode	16	static
../Core/DBC/autonomous_t26.c:362:8:autonomous_t26_acu_emergency_cause_decode	16	static
../Core/DBC/autonomous_t26.c:367:6:autonomous_t26_acu_emergency_cause_is_in_range	16	static
../Core/DBC/autonomous_t26.c:372:6:autonomous_t26_acu_emergency_cause_is_in_phys_range	16	static
../Core/DBC/autonomous_t26.c:379:5:autonomous_t26_cube_mars_feedback_pack	32	static
../Core/DBC/autonomous_t26.c:411:5:autonomous_t26_cube_mars_feedback_unpack	32	static
../Core/DBC/autonomous_t26.c:441:5:autonomous_t26_cube_mars_feedback_init	16	static
../Core/DBC/autonomous_t26.c:450:9:autonomous_t26_cube_mars_feedback_position_encode	16	static
../Core/DBC/autonomous_t26.c:455:8:autonomous_t26_cube_mars_feedback_position_decode	16	static
../Core/DBC/autonomous_t26.c:460:6:autonomous_t26_cube_mars_feedback_position_is_in_range	16	static
../Core/DBC/autonomous_t26.c:465:6:autonomous_t26_cube_mars_feedback_position_is_in_phys_range	16	static
../Core/DBC/autonomous_t26.c:470:9:autonomous_t26_cube_mars_feedback_speed_rpm_encode	16	static
../Core/DBC/autonomous_t26.c:475:8:autonomous_t26_cube_mars_feedback_speed_rpm_decode	16	static
../Core/DBC/autonomous_t26.c:480:6:autonomous_t26_cube_mars_feedback_speed_rpm_is_in_range	16	static
../Core/DBC/autonomous_t26.c:485:6:autonomous_t26_cube_mars_feedback_speed_rpm_is_in_phys_range	16	static
../Core/DBC/autonomous_t26.c:490:9:autonomous_t26_cube_mars_feedback_current_encode	16	static
../Core/DBC/autonomous_t26.c:495:8:autonomous_t26_cube_mars_feedback_current_decode	16	static
../Core/DBC/autonomous_t26.c:500:6:autonomous_t26_cube_mars_feedback_current_is_in_range	16	static
../Core/DBC/autonomous_t26.c:505:6:autonomous_t26_cube_mars_feedback_current_is_in_phys_range	16	static
../Core/DBC/autonomous_t26.c:510:8:autonomous_t26_cube_mars_feedback_driver_temp_encode	16	static
../Core/DBC/autonomous_t26.c:515:8:autonomous_t26_cube_mars_feedback_driver_temp_decode	16	static
../Core/DBC/autonomous_t26.c:520:6:autonomous_t26_cube_mars_feedback_driver_temp_is_in_range	16	static
../Core/DBC/autonomous_t26.c:525:6:autonomous_t26_cube_mars_feedback_driver_temp_is_in_phys_range	16	static
../Core/DBC/autonomous_t26.c:530:9:autonomous_t26_cube_mars_feedback_error_code_encode	16	static
../Core/DBC/autonomous_t26.c:535:8:autonomous_t26_cube_mars_feedback_error_code_decode	16	static
../Core/DBC/autonomous_t26.c:540:6:autonomous_t26_cube_mars_feedback_error_code_is_in_range	16	static
../Core/DBC/autonomous_t26.c:545:6:autonomous_t26_cube_mars_feedback_error_code_is_in_phys_range	16	static
../Core/DBC/autonomous_t26.c:550:5:autonomous_t26_cube_mars_position_loop_pack	32	static
../Core/DBC/autonomous_t26.c:572:5:autonomous_t26_cube_mars_position_loop_unpack	32	static
../Core/DBC/autonomous_t26.c:592:5:autonomous_t26_cube_mars_position_loop_init	16	static
../Core/DBC/autonomous_t26.c:601:9:autonomous_t26_cube_mars_position_loop_position_encode	16	static
../Core/DBC/autonomous_t26.c:606:8:autonomous_t26_cube_mars_position_loop_position_decode	16	static
../Core/DBC/autonomous_t26.c:611:6:autonomous_t26_cube_mars_position_loop_position_is_in_range	16	static
../Core/DBC/autonomous_t26.c:616:6:autonomous_t26_cube_mars_position_loop_position_is_in_phys_range	16	static
../Core/DBC/autonomous_t26.c:621:5:autonomous_t26_aqt1_pack	24	static
../Core/DBC/autonomous_t26.c:640:5:autonomous_t26_aqt1_unpack	24	static
../Core/DBC/autonomous_t26.c:657:5:autonomous_t26_aqt1_init	16	static
../Core/DBC/autonomous_t26.c:666:10:autonomous_t26_aqt1_frt_brk_press_encode	16	static
../Core/DBC/autonomous_t26.c:671:8:autonomous_t26_aqt1_frt_brk_press_decode	16	static
../Core/DBC/autonomous_t26.c:676:6:autonomous_t26_aqt1_frt_brk_press_is_in_range	16	static
../Core/DBC/autonomous_t26.c:683:6:autonomous_t26_aqt1_frt_brk_press_is_in_phys_range	16	static
../Core/DBC/autonomous_t26.c:690:9:autonomous_t26_aqt1_res_encode	16	static
../Core/DBC/autonomous_t26.c:695:8:autonomous_t26_aqt1_res_decode	16	static
../Core/DBC/autonomous_t26.c:700:6:autonomous_t26_aqt1_res_is_in_range	16	static
../Core/DBC/autonomous_t26.c:705:6:autonomous_t26_aqt1_res_is_in_phys_range	16	static
../Core/DBC/autonomous_t26.c:712:9:autonomous_t26_aqt1_bots_encode	16	static
../Core/DBC/autonomous_t26.c:717:8:autonomous_t26_aqt1_bots_decode	16	static
../Core/DBC/autonomous_t26.c:722:6:autonomous_t26_aqt1_bots_is_in_range	16	static
../Core/DBC/autonomous_t26.c:727:6:autonomous_t26_aqt1_bots_is_in_phys_range	16	static
../Core/DBC/autonomous_t26.c:734:5:autonomous_t26_aqt2_pack	32	static
../Core/DBC/autonomous_t26.c:754:5:autonomous_t26_aqt2_unpack	32	static
../Core/DBC/autonomous_t26.c:772:5:autonomous_t26_aqt2_init	16	static
../Core/DBC/autonomous_t26.c:781:9:autonomous_t26_aqt2_wheel_spd_encode	16	static
../Core/DBC/autonomous_t26.c:786:8:autonomous_t26_aqt2_wheel_spd_decode	16	static
../Core/DBC/autonomous_t26.c:791:6:autonomous_t26_aqt2_wheel_spd_is_in_range	16	static
../Core/DBC/autonomous_t26.c:798:6:autonomous_t26_aqt2_wheel_spd_is_in_phys_range	16	static
../Core/DBC/autonomous_t26.c:805:5:autonomous_t26_aqt3_pack	32	static
../Core/DBC/autonomous_t26.c:825:5:autonomous_t26_aqt3_unpack	32	static
../Core/DBC/autonomous_t26.c:843:5:autonomous_t26_aqt3_init	16	static
../Core/DBC/autonomous_t26.c:852:9:autonomous_t26_aqt3_wheel_spd_encode	16	static
../Core/DBC/autonomous_t26.c:857:8:autonomous_t26_aqt3_wheel_spd_decode	16	static
../Core/DBC/autonomous_t26.c:862:6:autonomous_t26_aqt3_wheel_spd_is_in_range	16	static
../Core/DBC/autonomous_t26.c:869:6:autonomous_t26_aqt3_wheel_spd_is_in_phys_range	16	static
../Core/DBC/autonomous_t26.c:876:5:autonomous_t26_aqt4_pack	32	static
../Core/DBC/autonomous_t26.c:902:5:autonomous_t26_aqt4_unpack	32	static
../Core/DBC/autonomous_t26.c:926:5:autonomous_t26_aqt4_init	16	static
../Core/DBC/autonomous_t26.c:935:9:autonomous_t26_aqt4_st_angle_encode	16	static
../Core/DBC/autonomous_t26.c:940:8:autonomous_t26_aqt4_st_angle_decode	16	static
../Core/DBC/autonomous_t26.c:945:6:autonomous_t26_aqt4_st_angle_is_in_range	16	static
../Core/DBC/autonomous_t26.c:952:6:autonomous_t26_aqt4_st_angle_is_in_phys_range	16	static
../Core/DBC/autonomous_t26.c:959:10:autonomous_t26_aqt4_susp_l_encode	16	static
../Core/DBC/autonomous_t26.c:964:8:autonomous_t26_aqt4_susp_l_decode	16	static
../Core/DBC/autonomous_t26.c:969:6:autonomous_t26_aqt4_susp_l_is_in_range	16	static
../Core/DBC/autonomous_t26.c:976:6:autonomous_t26_aqt4_susp_l_is_in_phys_range	16	static
../Core/DBC/autonomous_t26.c:983:10:autonomous_t26_aqt4_susp_r_encode	16	static
../Core/DBC/autonomous_t26.c:988:8:autonomous_t26_aqt4_susp_r_decode	16	static
../Core/DBC/autonomous_t26.c:993:6:autonomous_t26_aqt4_susp_r_is_in_range	16	static
../Core/DBC/autonomous_t26.c:1000:6:autonomous_t26_aqt4_susp_r_is_in_phys_range	16	static
../Core/DBC/autonomous_t26.c:1007:9:autonomous_t26_aqt4_inertia_encode	16	static
../Core/DBC/autonomous_t26.c:1012:8:autonomous_t26_aqt4_inertia_decode	16	static
../Core/DBC/autonomous_t26.c:1017:6:autonomous_t26_aqt4_inertia_is_in_range	16	static
../Core/DBC/autonomous_t26.c:1022:6:autonomous_t26_aqt4_inertia_is_in_phys_range	16	static
../Core/DBC/autonomous_t26.c:1029:9:autonomous_t26_aqt4_emergency_encode	16	static
../Core/DBC/autonomous_t26.c:1034:8:autonomous_t26_aqt4_emergency_decode	16	static
../Core/DBC/autonomous_t26.c:1039:6:autonomous_t26_aqt4_emergency_is_in_range	16	static
../Core/DBC/autonomous_t26.c:1044:6:autonomous_t26_aqt4_emergency_is_in_phys_range	16	static
../Core/DBC/autonomous_t26.c:1051:5:autonomous_t26_aqt7_pack	24	static
../Core/DBC/autonomous_t26.c:1068:5:autonomous_t26_aqt7_unpack	24	static
../Core/DBC/autonomous_t26.c:1083:5:autonomous_t26_aqt7_init	16	static
../Core/DBC/autonomous_t26.c:1092:10:autonomous_t26_aqt7_rear_brk_press_encode	16	static
../Core/DBC/autonomous_t26.c:1097:8:autonomous_t26_aqt7_rear_brk_press_decode	16	static
../Core/DBC/autonomous_t26.c:1102:6:autonomous_t26_aqt7_rear_brk_press_is_in_range	16	static
../Core/DBC/autonomous_t26.c:1109:6:autonomous_t26_aqt7_rear_brk_press_is_in_phys_range	16	static
../Core/DBC/autonomous_t26.c:1116:5:autonomous_t26_vcu_ign_r2_d_pack	24	static
../Core/DBC/autonomous_t26.c:1139:5:autonomous_t26_vcu_ign_r2_d_unpack	24	static
../Core/DBC/autonomous_t26.c:1160:5:autonomous_t26_vcu_ign_r2_d_init	16	static
../Core/DBC/autonomous_t26.c:1169:9:autonomous_t26_vcu_ign_r2_d_ignition_manual_encode	16	static
../Core/DBC/autonomous_t26.c:1174:8:autonomous_t26_vcu_ign_r2_d_ignition_manual_decode	16	static
../Core/DBC/autonomous_t26.c:1179:6:autonomous_t26_vcu_ign_r2_d_ignition_manual_is_in_range	16	static
../Core/DBC/autonomous_t26.c:1186:6:autonomous_t26_vcu_ign_r2_d_ignition_manual_is_in_phys_range	16	static
../Core/DBC/autonomous_t26.c:1193:9:autonomous_t26_vcu_ign_r2_d_r2d_manual_encode	16	static
../Core/DBC/autonomous_t26.c:1198:8:autonomous_t26_vcu_ign_r2_d_r2d_manual_decode	16	static
../Core/DBC/autonomous_t26.c:1203:6:autonomous_t26_vcu_ign_r2_d_r2d_manual_is_in_range	16	static
../Core/DBC/autonomous_t26.c:1210:6:autonomous_t26_vcu_ign_r2_d_r2d_manual_is_in_phys_range	16	static
../Core/DBC/autonomous_t26.c:1217:9:autonomous_t26_vcu_ign_r2_d_ignition_auto_encode	16	static
../Core/DBC/autonomous_t26.c:1222:8:autonomous_t26_vcu_ign_r2_d_ignition_auto_decode	16	static
../Core/DBC/autonomous_t26.c:1227:6:autonomous_t26_vcu_ign_r2_d_ignition_auto_is_in_range	16	static
../Core/DBC/autonomous_t26.c:1234:6:autonomous_t26_vcu_ign_r2_d_ignition_auto_is_in_phys_range	16	static
../Core/DBC/autonomous_t26.c:1241:9:autonomous_t26_vcu_ign_r2_d_r2d_auto_encode	16	static
../Core/DBC/autonomous_t26.c:1246:8:autonomous_t26_vcu_ign_r2_d_r2d_auto_decode	16	static
../Core/DBC/autonomous_t26.c:1251:6:autonomous_t26_vcu_ign_r2_d_r2d_auto_is_in_range	16	static
../Core/DBC/autonomous_t26.c:1258:6:autonomous_t26_vcu_ign_r2_d_r2d_auto_is_in_phys_range	16	static
../Core/DBC/autonomous_t26.c:1265:9:autonomous_t26_vcu_ign_r2_d_shutdown_signal_encode	16	static
../Core/DBC/autonomous_t26.c:1270:8:autonomous_t26_vcu_ign_r2_d_shutdown_signal_decode	16	static
../Core/DBC/autonomous_t26.c:1275:6:autonomous_t26_vcu_ign_r2_d_shutdown_signal_is_in_range	16	static
../Core/DBC/autonomous_t26.c:1282:6:autonomous_t26_vcu_ign_r2_d_shutdown_signal_is_in_phys_range	16	static
../Core/DBC/autonomous_t26.c:1289:9:autonomous_t26_vcu_ign_r2_d_vcu_state_encode	16	static
../Core/DBC/autonomous_t26.c:1294:8:autonomous_t26_vcu_ign_r2_d_vcu_state_decode	16	static
../Core/DBC/autonomous_t26.c:1299:6:autonomous_t26_vcu_ign_r2_d_vcu_state_is_in_range	16	static
../Core/DBC/autonomous_t26.c:1306:6:autonomous_t26_vcu_ign_r2_d_vcu_state_is_in_phys_range	16	static
../Core/DBC/autonomous_t26.c:1313:9:autonomous_t26_vcu_ign_r2_d_r2_d_button_raw_encode	16	static
../Core/DBC/autonomous_t26.c:1318:8:autonomous_t26_vcu_ign_r2_d_r2_d_button_raw_decode	16	static
../Core/DBC/autonomous_t26.c:1323:6:autonomous_t26_vcu_ign_r2_d_r2_d_button_raw_is_in_range	16	static
../Core/DBC/autonomous_t26.c:1330:6:autonomous_t26_vcu_ign_r2_d_r2_d_button_raw_is_in_phys_range	16	static
../Core/DBC/autonomous_t26.c:1337:9:autonomous_t26_vcu_ign_r2_d_ignition_switch_raw_encode	16	static
../Core/DBC/autonomous_t26.c:1342:8:autonomous_t26_vcu_ign_r2_d_ignition_switch_raw_decode	16	static
../Core/DBC/autonomous_t26.c:1347:6:autonomous_t26_vcu_ign_r2_d_ignition_switch_raw_is_in_range	16	static
../Core/DBC/autonomous_t26.c:1354:6:autonomous_t26_vcu_ign_r2_d_ignition_switch_raw_is_in_phys_range	16	static
../Core/DBC/autonomous_t26.c:1361:5:autonomous_t26_dv_dynamics_1_pack	32	static
../Core/DBC/autonomous_t26.c:1393:5:autonomous_t26_dv_dynamics_1_unpack	32	static
../Core/DBC/autonomous_t26.c:1423:5:autonomous_t26_dv_dynamics_1_init	16	static
../Core/DBC/autonomous_t26.c:1432:9:autonomous_t26_dv_dynamics_1_speed_actual_encode	16	static
../Core/DBC/autonomous_t26.c:1437:8:autonomous_t26_dv_dynamics_1_speed_actual_decode	16	static
../Core/DBC/autonomous_t26.c:1442:6:autonomous_t26_dv_dynamics_1_speed_actual_is_in_range	16	static
../Core/DBC/autonomous_t26.c:1449:6:autonomous_t26_dv_dynamics_1_speed_actual_is_in_phys_range	16	static
../Core/DBC/autonomous_t26.c:1454:9:autonomous_t26_dv_dynamics_1_speed_target_encode	16	static
../Core/DBC/autonomous_t26.c:1459:8:autonomous_t26_dv_dynamics_1_speed_target_decode	16	static
../Core/DBC/autonomous_t26.c:1464:6:autonomous_t26_dv_dynamics_1_speed_target_is_in_range	16	static
../Core/DBC/autonomous_t26.c:1471:6:autonomous_t26_dv_dynamics_1_speed_target_is_in_phys_range	16	static
../Core/DBC/autonomous_t26.c:1476:8:autonomous_t26_dv_dynamics_1_steering_angle_actual_encode	16	static
../Core/DBC/autonomous_t26.c:1481:8:autonomous_t26_dv_dynamics_1_steering_angle_actual_decode	16	static
../Core/DBC/autonomous_t26.c:1486:6:autonomous_t26_dv_dynamics_1_steering_angle_actual_is_in_range	16	static
../Core/DBC/autonomous_t26.c:1493:6:autonomous_t26_dv_dynamics_1_steering_angle_actual_is_in_phys_range	16	static
../Core/DBC/autonomous_t26.c:1498:8:autonomous_t26_dv_dynamics_1_steering_angle_target_encode	16	static
../Core/DBC/autonomous_t26.c:1503:8:autonomous_t26_dv_dynamics_1_steering_angle_target_decode	16	static
../Core/DBC/autonomous_t26.c:1508:6:autonomous_t26_dv_dynamics_1_steering_angle_target_is_in_range	16	static
../Core/DBC/autonomous_t26.c:1515:6:autonomous_t26_dv_dynamics_1_steering_angle_target_is_in_phys_range	16	static
../Core/DBC/autonomous_t26.c:1520:9:autonomous_t26_dv_dynamics_1_brake_hydr_actual_encode	16	static
../Core/DBC/autonomous_t26.c:1525:8:autonomous_t26_dv_dynamics_1_brake_hydr_actual_decode	16	static
../Core/DBC/autonomous_t26.c:1530:6:autonomous_t26_dv_dynamics_1_brake_hydr_actual_is_in_range	16	static
../Core/DBC/autonomous_t26.c:1535:6:autonomous_t26_dv_dynamics_1_brake_hydr_actual_is_in_phys_range	16	static
../Core/DBC/autonomous_t26.c:1540:9:autonomous_t26_dv_dynamics_1_brake_hydr_target_encode	16	static
../Core/DBC/autonomous_t26.c:1545:8:autonomous_t26_dv_dynamics_1_brake_hydr_target_decode	16	static
../Core/DBC/autonomous_t26.c:1550:6:autonomous_t26_dv_dynamics_1_brake_hydr_target_is_in_range	16	static
../Core/DBC/autonomous_t26.c:1555:6:autonomous_t26_dv_dynamics_1_brake_hydr_target_is_in_phys_range	16	static
../Core/DBC/autonomous_t26.c:1560:8:autonomous_t26_dv_dynamics_1_motor_moment_actual_encode	16	static
../Core/DBC/autonomous_t26.c:1565:8:autonomous_t26_dv_dynamics_1_motor_moment_actual_decode	16	static
../Core/DBC/autonomous_t26.c:1570:6:autonomous_t26_dv_dynamics_1_motor_moment_actual_is_in_range	16	static
../Core/DBC/autonomous_t26.c:1577:6:autonomous_t26_dv_dynamics_1_motor_moment_actual_is_in_phys_range	16	static
../Core/DBC/autonomous_t26.c:1582:8:autonomous_t26_dv_dynamics_1_motor_moment_target_encode	16	static
../Core/DBC/autonomous_t26.c:1587:8:autonomous_t26_dv_dynamics_1_motor_moment_target_decode	16	static
../Core/DBC/autonomous_t26.c:1592:6:autonomous_t26_dv_dynamics_1_motor_moment_target_is_in_range	16	static
../Core/DBC/autonomous_t26.c:1599:6:autonomous_t26_dv_dynamics_1_motor_moment_target_is_in_phys_range	16	static
../Core/DBC/autonomous_t26.c:1604:5:autonomous_t26_dv_dynamics_2_pack	32	static
../Core/DBC/autonomous_t26.c:1632:5:autonomous_t26_dv_dynamics_2_unpack	32	static
../Core/DBC/autonomous_t26.c:1658:5:autonomous_t26_dv_dynamics_2_init	16	static
../Core/DBC/autonomous_t26.c:1667:9:autonomous_t26_dv_dynamics_2_acceleration_longitudinal_encode	16	static
../Core/DBC/autonomous_t26.c:1672:8:autonomous_t26_dv_dynamics_2_acceleration_longitudinal_decode	16	static
../Core/DBC/autonomous_t26.c:1677:6:autonomous_t26_dv_dynamics_2_acceleration_longitudinal_is_in_range	16	static
../Core/DBC/autonomous_t26.c:1684:6:autonomous_t26_dv_dynamics_2_acceleration_longitudinal_is_in_phys_range	16	static
../Core/DBC/autonomous_t26.c:1691:9:autonomous_t26_dv_dynamics_2_acceleration_lateral_encode	16	static
../Core/DBC/autonomous_t26.c:1696:8:autonomous_t26_dv_dynamics_2_acceleration_lateral_decode	16	static
../Core/DBC/autonomous_t26.c:1701:6:autonomous_t26_dv_dynamics_2_acceleration_lateral_is_in_range	16	static
../Core/DBC/autonomous_t26.c:1708:6:autonomous_t26_dv_dynamics_2_acceleration_lateral_is_in_phys_range	16	static
../Core/DBC/autonomous_t26.c:1715:9:autonomous_t26_dv_dynamics_2_yaw_rate_encode	16	static
../Core/DBC/autonomous_t26.c:1720:8:autonomous_t26_dv_dynamics_2_yaw_rate_decode	16	static
../Core/DBC/autonomous_t26.c:1725:6:autonomous_t26_dv_dynamics_2_yaw_rate_is_in_range	16	static
../Core/DBC/autonomous_t26.c:1732:6:autonomous_t26_dv_dynamics_2_yaw_rate_is_in_phys_range	16	static
../Core/DBC/autonomous_t26.c:1739:5:autonomous_t26_vcu_hv_pack	24	static
../Core/DBC/autonomous_t26.c:1757:5:autonomous_t26_vcu_hv_unpack	24	static
../Core/DBC/autonomous_t26.c:1773:5:autonomous_t26_vcu_hv_init	16	static
../Core/DBC/autonomous_t26.c:1782:9:autonomous_t26_vcu_hv_hv_encode	16	static
../Core/DBC/autonomous_t26.c:1787:8:autonomous_t26_vcu_hv_hv_decode	16	static
../Core/DBC/autonomous_t26.c:1792:6:autonomous_t26_vcu_hv_hv_is_in_range	16	static
../Core/DBC/autonomous_t26.c:1799:6:autonomous_t26_vcu_hv_hv_is_in_phys_range	16	static
../Core/DBC/autonomous_t26.c:1806:9:autonomous_t26_vcu_hv_brake_pressure_front_encode	16	static
../Core/DBC/autonomous_t26.c:1811:8:autonomous_t26_vcu_hv_brake_pressure_front_decode	16	static
../Core/DBC/autonomous_t26.c:1816:6:autonomous_t26_vcu_hv_brake_pressure_front_is_in_range	16	static
../Core/DBC/autonomous_t26.c:1823:6:autonomous_t26_vcu_hv_brake_pressure_front_is_in_phys_range	16	static
../Core/DBC/autonomous_t26.c:1830:9:autonomous_t26_vcu_hv_brake_pressure_rear_encode	16	static
../Core/DBC/autonomous_t26.c:1835:8:autonomous_t26_vcu_hv_brake_pressure_rear_decode	16	static
../Core/DBC/autonomous_t26.c:1840:6:autonomous_t26_vcu_hv_brake_pressure_rear_is_in_range	16	static
../Core/DBC/autonomous_t26.c:1847:6:autonomous_t26_vcu_hv_brake_pressure_rear_is_in_phys_range	16	static
../Core/DBC/autonomous_t26.c:1854:5:autonomous_t26_dv_status_pack	24	static
../Core/DBC/autonomous_t26.c:1880:5:autonomous_t26_dv_status_unpack	24	static
../Core/DBC/autonomous_t26.c:1904:5:autonomous_t26_dv_status_init	16	static
../Core/DBC/autonomous_t26.c:1913:9:autonomous_t26_dv_status_as_status_encode	16	static
../Core/DBC/autonomous_t26.c:1918:8:autonomous_t26_dv_status_as_status_decode	16	static
../Core/DBC/autonomous_t26.c:1923:6:autonomous_t26_dv_status_as_status_is_in_range	16	static
../Core/DBC/autonomous_t26.c:1928:6:autonomous_t26_dv_status_as_status_is_in_phys_range	16	static
../Core/DBC/autonomous_t26.c:1933:9:autonomous_t26_dv_status_asb_ebs_state_encode	16	static
../Core/DBC/autonomous_t26.c:1938:8:autonomous_t26_dv_status_asb_ebs_state_decode	16	static
../Core/DBC/autonomous_t26.c:1943:6:autonomous_t26_dv_status_asb_ebs_state_is_in_range	16	static
../Core/DBC/autonomous_t26.c:1948:6:autonomous_t26_dv_status_asb_ebs_state_is_in_phys_range	16	static
../Core/DBC/autonomous_t26.c:1953:9:autonomous_t26_dv_status_ami_state_encode	16	static
../Core/DBC/autonomous_t26.c:1958:8:autonomous_t26_dv_status_ami_state_decode	16	static
../Core/DBC/autonomous_t26.c:1963:6:autonomous_t26_dv_status_ami_state_is_in_range	16	static
../Core/DBC/autonomous_t26.c:1968:6:autonomous_t26_dv_status_ami_state_is_in_phys_range	16	static
../Core/DBC/autonomous_t26.c:1973:9:autonomous_t26_dv_status_steering_state_encode	16	static
../Core/DBC/autonomous_t26.c:1978:8:autonomous_t26_dv_status_steering_state_decode	16	static
../Core/DBC/autonomous_t26.c:1983:6:autonomous_t26_dv_status_steering_state_is_in_range	16	static
../Core/DBC/autonomous_t26.c:1988:6:autonomous_t26_dv_status_steering_state_is_in_phys_range	16	static
../Core/DBC/autonomous_t26.c:1993:9:autonomous_t26_dv_status_asb_redundancy_state_encode	16	static
../Core/DBC/autonomous_t26.c:1998:8:autonomous_t26_dv_status_asb_redundancy_state_decode	16	static
../Core/DBC/autonomous_t26.c:2003:6:autonomous_t26_dv_status_asb_redundancy_state_is_in_range	16	static
../Core/DBC/autonomous_t26.c:2008:6:autonomous_t26_dv_status_asb_redundancy_state_is_in_phys_range	16	static
../Core/DBC/autonomous_t26.c:2013:9:autonomous_t26_dv_status_lap_counter_encode	16	static
../Core/DBC/autonomous_t26.c:2018:8:autonomous_t26_dv_status_lap_counter_decode	16	static
../Core/DBC/autonomous_t26.c:2023:6:autonomous_t26_dv_status_lap_counter_is_in_range	16	static
../Core/DBC/autonomous_t26.c:2028:6:autonomous_t26_dv_status_lap_counter_is_in_phys_range	16	static
../Core/DBC/autonomous_t26.c:2033:9:autonomous_t26_dv_status_cones_count_actual_encode	16	static
../Core/DBC/autonomous_t26.c:2038:8:autonomous_t26_dv_status_cones_count_actual_decode	16	static
../Core/DBC/autonomous_t26.c:2043:6:autonomous_t26_dv_status_cones_count_actual_is_in_range	16	static
../Core/DBC/autonomous_t26.c:2050:6:autonomous_t26_dv_status_cones_count_actual_is_in_phys_range	16	static
../Core/DBC/autonomous_t26.c:2055:10:autonomous_t26_dv_status_cones_count_all_encode	16	static
../Core/DBC/autonomous_t26.c:2060:8:autonomous_t26_dv_status_cones_count_all_decode	16	static
../Core/DBC/autonomous_t26.c:2065:6:autonomous_t26_dv_status_cones_count_all_is_in_range	16	static
../Core/DBC/autonomous_t26.c:2070:6:autonomous_t26_dv_status_cones_count_all_is_in_phys_range	16	static
../Core/DBC/autonomous_t26.c:2075:5:autonomous_t26_asf_signals_pack	24	static
../Core/DBC/autonomous_t26.c:2094:5:autonomous_t26_asf_signals_unpack	24	static
../Core/DBC/autonomous_t26.c:2111:5:autonomous_t26_asf_signals_init	16	static
../Core/DBC/autonomous_t26.c:2120:9:autonomous_t26_asf_signals_ebs_pressure_tank_front_encode	16	static
../Core/DBC/autonomous_t26.c:2125:8:autonomous_t26_asf_signals_ebs_pressure_tank_front_decode	16	static
../Core/DBC/autonomous_t26.c:2130:6:autonomous_t26_asf_signals_ebs_pressure_tank_front_is_in_range	16	static
../Core/DBC/autonomous_t26.c:2137:6:autonomous_t26_asf_signals_ebs_pressure_tank_front_is_in_phys_range	16	static
../Core/DBC/autonomous_t26.c:2144:9:autonomous_t26_asf_signals_ebs_pressure_tank_rear_encode	16	static
../Core/DBC/autonomous_t26.c:2149:8:autonomous_t26_asf_signals_ebs_pressure_tank_rear_decode	16	static
../Core/DBC/autonomous_t26.c:2154:6:autonomous_t26_asf_signals_ebs_pressure_tank_rear_is_in_range	16	static
../Core/DBC/autonomous_t26.c:2161:6:autonomous_t26_asf_signals_ebs_pressure_tank_rear_is_in_phys_range	16	static
../Core/DBC/autonomous_t26.c:2168:9:autonomous_t26_asf_signals_brake_pressure_front_encode	16	static
../Core/DBC/autonomous_t26.c:2173:8:autonomous_t26_asf_signals_brake_pressure_front_decode	16	static
../Core/DBC/autonomous_t26.c:2178:6:autonomous_t26_asf_signals_brake_pressure_front_is_in_range	16	static
../Core/DBC/autonomous_t26.c:2185:6:autonomous_t26_asf_signals_brake_pressure_front_is_in_phys_range	16	static
../Core/DBC/autonomous_t26.c:2192:9:autonomous_t26_asf_signals_brake_pressure_rear_encode	16	static
../Core/DBC/autonomous_t26.c:2197:8:autonomous_t26_asf_signals_brake_pressure_rear_decode	16	static
../Core/DBC/autonomous_t26.c:2202:6:autonomous_t26_asf_signals_brake_pressure_rear_is_in_range	16	static
../Core/DBC/autonomous_t26.c:2209:6:autonomous_t26_asf_signals_brake_pressure_rear_is_in_phys_range	16	static
../Core/DBC/autonomous_t26.c:2216:5:autonomous_t26_vcu_rpm_pack	32	static
../Core/DBC/autonomous_t26.c:2244:5:autonomous_t26_vcu_rpm_unpack	32	static
../Core/DBC/autonomous_t26.c:2270:5:autonomous_t26_vcu_rpm_init	16	static
../Core/DBC/autonomous_t26.c:2279:10:autonomous_t26_vcu_rpm_motor_rpm_left_encode	16	static
../Core/DBC/autonomous_t26.c:2284:8:autonomous_t26_vcu_rpm_motor_rpm_left_decode	16	static
../Core/DBC/autonomous_t26.c:2289:6:autonomous_t26_vcu_rpm_motor_rpm_left_is_in_range	16	static
../Core/DBC/autonomous_t26.c:2294:6:autonomous_t26_vcu_rpm_motor_rpm_left_is_in_phys_range	16	static
../Core/DBC/autonomous_t26.c:2299:10:autonomous_t26_vcu_rpm_motor_rpm_right_encode	16	static
../Core/DBC/autonomous_t26.c:2304:8:autonomous_t26_vcu_rpm_motor_rpm_right_decode	16	static
../Core/DBC/autonomous_t26.c:2309:6:autonomous_t26_vcu_rpm_motor_rpm_right_is_in_range	16	static
../Core/DBC/autonomous_t26.c:2316:6:autonomous_t26_vcu_rpm_motor_rpm_right_is_in_phys_range	16	static
../Core/DBC/autonomous_t26.c:2323:9:autonomous_t26_vcu_rpm_motor_current_left_encode	16	static
../Core/DBC/autonomous_t26.c:2328:8:autonomous_t26_vcu_rpm_motor_current_left_decode	16	static
../Core/DBC/autonomous_t26.c:2333:6:autonomous_t26_vcu_rpm_motor_current_left_is_in_range	16	static
../Core/DBC/autonomous_t26.c:2340:6:autonomous_t26_vcu_rpm_motor_current_left_is_in_phys_range	16	static
../Core/DBC/autonomous_t26.c:2347:9:autonomous_t26_vcu_rpm_motor_current_right_encode	16	static
../Core/DBC/autonomous_t26.c:2352:8:autonomous_t26_vcu_rpm_motor_current_right_decode	16	static
../Core/DBC/autonomous_t26.c:2357:6:autonomous_t26_vcu_rpm_motor_current_right_is_in_range	16	static
../Core/DBC/autonomous_t26.c:2364:6:autonomous_t26_vcu_rpm_motor_current_right_is_in_phys_range	16	static
../Core/DBC/autonomous_t26.c:2371:5:autonomous_t26_vcu_torque_target_pack	32	static
../Core/DBC/autonomous_t26.c:2391:5:autonomous_t26_vcu_torque_target_unpack	32	static
../Core/DBC/autonomous_t26.c:2409:5:autonomous_t26_vcu_torque_target_init	16	static
../Core/DBC/autonomous_t26.c:2418:9:autonomous_t26_vcu_torque_target_torque_target_encode	16	static
../Core/DBC/autonomous_t26.c:2423:8:autonomous_t26_vcu_torque_target_torque_target_decode	16	static
../Core/DBC/autonomous_t26.c:2428:6:autonomous_t26_vcu_torque_target_torque_target_is_in_range	16	static
../Core/DBC/autonomous_t26.c:2433:6:autonomous_t26_vcu_torque_target_torque_target_is_in_phys_range	16	static
../Core/DBC/autonomous_t26.c:2438:5:autonomous_t26_vcu_rpm_target_pack	32	static
../Core/DBC/autonomous_t26.c:2458:5:autonomous_t26_vcu_rpm_target_unpack	32	static
../Core/DBC/autonomous_t26.c:2476:5:autonomous_t26_vcu_rpm_target_init	16	static
../Core/DBC/autonomous_t26.c:2485:9:autonomous_t26_vcu_rpm_target_rpm_target_encode	16	static
../Core/DBC/autonomous_t26.c:2490:8:autonomous_t26_vcu_rpm_target_rpm_target_decode	16	static
../Core/DBC/autonomous_t26.c:2495:6:autonomous_t26_vcu_rpm_target_rpm_target_is_in_range	16	static
../Core/DBC/autonomous_t26.c:2500:6:autonomous_t26_vcu_rpm_target_rpm_target_is_in_phys_range	16	static
../Core/DBC/autonomous_t26.c:2505:5:autonomous_t26_jetson_pack	24	static
../Core/DBC/autonomous_t26.c:2526:5:autonomous_t26_jetson_unpack	24	static
../Core/DBC/autonomous_t26.c:2545:5:autonomous_t26_jetson_init	16	static
../Core/DBC/autonomous_t26.c:2554:9:autonomous_t26_jetson_as_state_encode	16	static
../Core/DBC/autonomous_t26.c:2559:8:autonomous_t26_jetson_as_state_decode	16	static
../Core/DBC/autonomous_t26.c:2564:6:autonomous_t26_jetson_as_state_is_in_range	16	static
../Core/DBC/autonomous_t26.c:2569:6:autonomous_t26_jetson_as_state_is_in_phys_range	16	static
../Core/DBC/autonomous_t26.c:2574:9:autonomous_t26_jetson_as_mission_encode	16	static
../Core/DBC/autonomous_t26.c:2579:8:autonomous_t26_jetson_as_mission_decode	16	static
../Core/DBC/autonomous_t26.c:2584:6:autonomous_t26_jetson_as_mission_is_in_range	16	static
../Core/DBC/autonomous_t26.c:2589:6:autonomous_t26_jetson_as_mission_is_in_phys_range	16	static
../Core/DBC/autonomous_t26.c:2594:9:autonomous_t26_jetson_temperature_encode	16	static
../Core/DBC/autonomous_t26.c:2599:8:autonomous_t26_jetson_temperature_decode	16	static
../Core/DBC/autonomous_t26.c:2604:6:autonomous_t26_jetson_temperature_is_in_range	16	static
../Core/DBC/autonomous_t26.c:2609:6:autonomous_t26_jetson_temperature_is_in_phys_range	16	static
../Core/DBC/autonomous_t26.c:2614:9:autonomous_t26_jetson_cpu_encode	16	static
../Core/DBC/autonomous_t26.c:2619:8:autonomous_t26_jetson_cpu_decode	16	static
../Core/DBC/autonomous_t26.c:2624:6:autonomous_t26_jetson_cpu_is_in_range	16	static
../Core/DBC/autonomous_t26.c:2629:6:autonomous_t26_jetson_cpu_is_in_phys_range	16	static
../Core/DBC/autonomous_t26.c:2634:9:autonomous_t26_jetson_gpu_encode	16	static
../Core/DBC/autonomous_t26.c:2639:8:autonomous_t26_jetson_gpu_decode	16	static
../Core/DBC/autonomous_t26.c:2644:6:autonomous_t26_jetson_gpu_is_in_range	16	static
../Core/DBC/autonomous_t26.c:2649:6:autonomous_t26_jetson_gpu_is_in_phys_range	16	static
../Core/DBC/autonomous_t26.c:2654:9:autonomous_t26_jetson_emergency_cause_encode	16	static
../Core/DBC/autonomous_t26.c:2659:8:autonomous_t26_jetson_emergency_cause_decode	16	static
../Core/DBC/autonomous_t26.c:2664:6:autonomous_t26_jetson_emergency_cause_is_in_range	16	static
../Core/DBC/autonomous_t26.c:2671:6:autonomous_t26_jetson_emergency_cause_is_in_phys_range	16	static
../Core/DBC/autonomous_t26.c:2678:5:autonomous_t26_res_pack	24	static
../Core/DBC/autonomous_t26.c:2694:5:autonomous_t26_res_unpack	24	static
../Core/DBC/autonomous_t26.c:2708:5:autonomous_t26_res_init	16	static
../Core/DBC/autonomous_t26.c:2717:9:autonomous_t26_res_signal_encode	16	static
../Core/DBC/autonomous_t26.c:2722:8:autonomous_t26_res_signal_decode	16	static
../Core/DBC/autonomous_t26.c:2727:6:autonomous_t26_res_signal_is_in_range	16	static
../Core/DBC/autonomous_t26.c:2734:6:autonomous_t26_res_signal_is_in_phys_range	16	static
../Core/DBC/autonomous_t26.c:2741:5:autonomous_t26_slam_stats_can_pack	24	static
../Core/DBC/autonomous_t26.c:2762:5:autonomous_t26_slam_stats_can_unpack	24	static
../Core/DBC/autonomous_t26.c:2781:5:autonomous_t26_slam_stats_can_init	16	static
../Core/DBC/autonomous_t26.c:2790:9:autonomous_t26_slam_stats_can_lap_counter_encode	16	static
../Core/DBC/autonomous_t26.c:2795:8:autonomous_t26_slam_stats_can_lap_counter_decode	16	static
../Core/DBC/autonomous_t26.c:2800:6:autonomous_t26_slam_stats_can_lap_counter_is_in_range	16	static
../Core/DBC/autonomous_t26.c:2805:6:autonomous_t26_slam_stats_can_lap_counter_is_in_phys_range	16	static
../Core/DBC/autonomous_t26.c:2812:9:autonomous_t26_slam_stats_can_cones_count_actual_encode	16	static
../Core/DBC/autonomous_t26.c:2817:8:autonomous_t26_slam_stats_can_cones_count_actual_decode	16	static
../Core/DBC/autonomous_t26.c:2822:6:autonomous_t26_slam_stats_can_cones_count_actual_is_in_range	16	static
../Core/DBC/autonomous_t26.c:2829:6:autonomous_t26_slam_stats_can_cones_count_actual_is_in_phys_range	16	static
../Core/DBC/autonomous_t26.c:2836:10:autonomous_t26_slam_stats_can_cones_count_all_encode	16	static
../Core/DBC/autonomous_t26.c:2841:8:autonomous_t26_slam_stats_can_cones_count_all_decode	16	static
../Core/DBC/autonomous_t26.c:2846:6:autonomous_t26_slam_stats_can_cones_count_all_is_in_range	16	static
../Core/DBC/autonomous_t26.c:2851:6:autonomous_t26_slam_stats_can_cones_count_all_is_in_phys_range	16	static
